0 verbose cli /Users/a123/.nvm/versions/node/v24.14.1/bin/node /Users/a123/.nvm/versions/node/v24.14.1/bin/npm
1 info using npm@11.11.0
2 info using node@v24.14.1
3 silly config load:file:/Users/a123/.nvm/versions/node/v24.14.1/lib/node_modules/npm/npmrc
4 silly config load:file:/Users/a123/gpa/mr-template/.npmrc
5 silly config load:file:/Users/a123/.npmrc
6 silly config load:file:/Users/a123/.nvm/versions/node/v24.14.1/etc/npmrc
7 verbose title npm start
8 verbose argv "start"
9 verbose logfile logs-max:10 dir:/Users/a123/gpa/mr-template/.npm-cache/_logs/2026-08-03T03_08_59_258Z-
10 verbose logfile /Users/a123/gpa/mr-template/.npm-cache/_logs/2026-08-03T03_08_59_258Z-debug-0.log
11 silly logfile done cleaning log files
12 verbose stack Error: Missing script: "start"
12 verbose stack
12 verbose stack Did you mean one of these?
12 verbose stack   npm star # Mark your favorite packages
12 verbose stack   npm stars # View packages marked as favorites
12 verbose stack
12 verbose stack To see a list of scripts, run:
12 verbose stack   npm run
12 verbose stack     at #run (/Users/a123/.nvm/versions/node/v24.14.1/lib/node_modules/npm/lib/commands/run.js:115:13)
12 verbose stack     at async RunScript.exec (/Users/a123/.nvm/versions/node/v24.14.1/lib/node_modules/npm/lib/commands/run.js:44:7)
12 verbose stack     at async Npm.exec (/Users/a123/.nvm/versions/node/v24.14.1/lib/node_modules/npm/lib/npm.js:209:9)
12 verbose stack     at async module.exports (/Users/a123/.nvm/versions/node/v24.14.1/lib/node_modules/npm/lib/cli/entry.js:67:5)
13 error Missing script: "start"
13 error
13 error Did you mean one of these?
13 error   npm star # Mark your favorite packages
13 error   npm stars # View packages marked as favorites
13 error
13 error To see a list of scripts, run:
13 error   npm run
14 verbose cwd /Users/a123/gpa/mr-template
15 verbose os Darwin 25.1.0
16 verbose node v24.14.1
17 verbose npm  v11.11.0
18 verbose exit 1
19 verbose code 1
20 error A complete log of this run can be found in: /Users/a123/gpa/mr-template/.npm-cache/_logs/2026-08-03T03_08_59_258Z-debug-0.log
