0 verbose cli /Users/a123/.nvm/versions/node/v24.14.1/bin/node /Users/a123/.nvm/versions/node/v24.14.1/bin/npm
1 info using npm@11.11.0
2 info using node@v24.14.1
3 silly config load:file:/Users/a123/.nvm/versions/node/v24.14.1/lib/node_modules/npm/npmrc
4 silly config load:file:/Users/a123/gpa/mr-template/.npmrc
5 silly config load:file:/Users/a123/.npmrc
6 silly config load:file:/Users/a123/.nvm/versions/node/v24.14.1/etc/npmrc
7 verbose title npm install
8 verbose argv "install"
9 verbose logfile logs-max:10 dir:/Users/a123/gpa/mr-template/.npm-cache/_logs/2026-08-03T03_04_05_749Z-
10 verbose logfile /Users/a123/gpa/mr-template/.npm-cache/_logs/2026-08-03T03_04_05_749Z-debug-0.log
11 silly logfile done cleaning log files
12 silly packumentCache heap:8795455488 maxSize:2198863872 maxEntrySize:1099431936
13 silly idealTree buildDeps
14 silly fetch manifest react@^18.2.0
15 silly packumentCache full:https://registry.npmjs.org/react cache-miss
16 http fetch GET 200 https://registry.npmjs.org/npm 397ms
17 http fetch GET 200 https://registry.npmjs.org/react 559ms (cache updated)
18 silly packumentCache full:https://registry.npmjs.org/react set size:undefined disposed:false
19 silly fetch manifest react-dom@^18.2.0
20 silly packumentCache full:https://registry.npmjs.org/react-dom cache-miss
21 http fetch GET 200 https://registry.npmjs.org/react-dom 743ms (cache updated)
22 silly packumentCache full:https://registry.npmjs.org/react-dom set size:undefined disposed:false
23 silly fetch manifest @vitejs/plugin-react@^4.0.4
24 silly packumentCache full:https://registry.npmjs.org/@vitejs%2fplugin-react cache-miss
25 http fetch GET 200 https://registry.npmjs.org/@vitejs%2fplugin-react 110ms (cache miss)
26 silly packumentCache full:https://registry.npmjs.org/@vitejs%2fplugin-react set size:undefined disposed:false
27 silly fetch manifest vite@^4.5.3
28 silly packumentCache full:https://registry.npmjs.org/vite cache-miss
29 http fetch GET 200 https://registry.npmjs.org/vite 1856ms (cache updated)
30 silly packumentCache full:https://registry.npmjs.org/vite set size:undefined disposed:false
31 silly fetch manifest @types/node@>= 14
32 silly packumentCache full:https://registry.npmjs.org/@types%2fnode cache-miss
33 http fetch GET 200 https://registry.npmjs.org/@types%2fnode 80ms (cache revalidated)
34 silly packumentCache full:https://registry.npmjs.org/@types%2fnode set size:11084776 disposed:false
35 silly fetch manifest less@*
36 silly packumentCache full:https://registry.npmjs.org/less cache-miss
37 http fetch GET 200 https://registry.npmjs.org/less 86ms (cache updated)
38 silly packumentCache full:https://registry.npmjs.org/less set size:undefined disposed:false
39 silly fetch manifest lightningcss@^1.21.0
40 silly packumentCache full:https://registry.npmjs.org/lightningcss cache-miss
41 http fetch GET 200 https://registry.npmjs.org/lightningcss 52ms (cache revalidated)
42 silly packumentCache full:https://registry.npmjs.org/lightningcss set size:191065 disposed:false
43 silly fetch manifest sass@*
44 silly packumentCache full:https://registry.npmjs.org/sass cache-miss
45 http fetch GET 200 https://registry.npmjs.org/sass 61ms (cache revalidated)
46 silly packumentCache full:https://registry.npmjs.org/sass set size:743214 disposed:false
47 silly fetch manifest stylus@*
48 silly packumentCache full:https://registry.npmjs.org/stylus cache-miss
49 http fetch GET 200 https://registry.npmjs.org/stylus 57ms (cache revalidated)
50 silly packumentCache full:https://registry.npmjs.org/stylus set size:286766 disposed:false
51 silly fetch manifest sugarss@*
52 silly packumentCache full:https://registry.npmjs.org/sugarss cache-miss
53 http fetch GET 200 https://registry.npmjs.org/sugarss 50ms (cache revalidated)
54 silly packumentCache full:https://registry.npmjs.org/sugarss set size:44975 disposed:false
55 silly fetch manifest postcss@^8.3.3
56 silly packumentCache full:https://registry.npmjs.org/postcss cache-miss
57 http fetch GET 200 https://registry.npmjs.org/postcss 64ms (cache revalidated)
58 silly packumentCache full:https://registry.npmjs.org/postcss set size:756623 disposed:false
59 silly fetch manifest terser@^5.4.0
60 silly packumentCache full:https://registry.npmjs.org/terser cache-miss
61 http fetch GET 200 https://registry.npmjs.org/terser 55ms (cache revalidated)
62 silly packumentCache full:https://registry.npmjs.org/terser set size:806866 disposed:false
63 silly placeDep ROOT @vitejs/plugin-react@4.7.0 OK for: mr-template@0.1.0 want: ^4.0.4
64 silly placeDep ROOT vite@4.5.14 OK for: @vitejs/plugin-react@4.7.0 want: ^4.2.0 || ^5.0.0 || ^6.0.0 || ^7.0.0
65 silly placeDep ROOT react@18.3.1 OK for: mr-template@0.1.0 want: ^18.2.0
66 silly placeDep ROOT react-dom@18.3.1 OK for: mr-template@0.1.0 want: ^18.2.0
67 silly fetch manifest @babel/core@^7.28.0
68 silly packumentCache full:https://registry.npmjs.org/@babel%2fcore cache-miss
69 silly fetch manifest react-refresh@^0.17.0
70 silly packumentCache full:https://registry.npmjs.org/react-refresh cache-miss
71 silly fetch manifest @types/babel__core@^7.20.5
72 silly packumentCache full:https://registry.npmjs.org/@types%2fbabel__core cache-miss
73 silly fetch manifest @rolldown/pluginutils@1.0.0-beta.27
74 silly packumentCache full:https://registry.npmjs.org/@rolldown%2fpluginutils cache-miss
75 silly fetch manifest @babel/plugin-transform-react-jsx-self@^7.27.1
76 silly packumentCache full:https://registry.npmjs.org/@babel%2fplugin-transform-react-jsx-self cache-miss
77 silly fetch manifest @babel/plugin-transform-react-jsx-source@^7.27.1
78 silly packumentCache full:https://registry.npmjs.org/@babel%2fplugin-transform-react-jsx-source cache-miss
79 silly fetch manifest rollup@^3.27.1
80 silly packumentCache full:https://registry.npmjs.org/rollup cache-miss
81 http fetch GET 200 https://registry.npmjs.org/@types%2fbabel__core 65ms (cache miss)
82 silly packumentCache full:https://registry.npmjs.org/@types%2fbabel__core set size:undefined disposed:false
83 silly fetch manifest esbuild@^0.18.10
84 silly packumentCache full:https://registry.npmjs.org/esbuild cache-miss
85 http fetch GET 200 https://registry.npmjs.org/@rolldown%2fpluginutils 77ms (cache miss)
86 silly packumentCache full:https://registry.npmjs.org/@rolldown%2fpluginutils set size:undefined disposed:false
87 silly fetch manifest postcss@^8.4.27
88 silly packumentCache full:https://registry.npmjs.org/postcss cache-hit
89 silly fetch manifest fsevents@~2.3.2
90 silly packumentCache full:https://registry.npmjs.org/fsevents cache-miss
91 http fetch GET 200 https://registry.npmjs.org/fsevents 53ms (cache revalidated)
92 silly packumentCache full:https://registry.npmjs.org/fsevents set size:182472 disposed:false
93 silly fetch manifest loose-envify@^1.1.0
94 silly packumentCache full:https://registry.npmjs.org/loose-envify cache-miss
95 http fetch GET 200 https://registry.npmjs.org/esbuild 68ms (cache revalidated)
96 silly packumentCache full:https://registry.npmjs.org/esbuild set size:1259608 disposed:false
97 silly fetch manifest scheduler@^0.23.2
98 silly packumentCache full:https://registry.npmjs.org/scheduler cache-miss
99 http fetch GET 200 https://registry.npmjs.org/@babel%2fcore 168ms (cache revalidated)
100 silly packumentCache full:https://registry.npmjs.org/@babel%2fcore set size:788273 disposed:false
101 silly fetch manifest loose-envify@^1.1.0
102 silly packumentCache full:https://registry.npmjs.org/loose-envify cache-miss
103 http fetch GET 200 https://registry.npmjs.org/@babel%2fplugin-transform-react-jsx-source 178ms (cache miss)
104 silly packumentCache full:https://registry.npmjs.org/@babel%2fplugin-transform-react-jsx-source set size:undefined disposed:false
105 http fetch GET 200 https://registry.npmjs.org/@babel%2fplugin-transform-react-jsx-self 182ms (cache miss)
106 silly packumentCache full:https://registry.npmjs.org/@babel%2fplugin-transform-react-jsx-self set size:undefined disposed:false
107 http fetch GET 200 https://registry.npmjs.org/loose-envify 99ms (cache revalidated)
108 silly packumentCache full:https://registry.npmjs.org/loose-envify set size:12559 disposed:false
109 http fetch GET 200 https://registry.npmjs.org/loose-envify 86ms (cache revalidated)
110 silly packumentCache full:https://registry.npmjs.org/loose-envify set size:12559 disposed:false
111 silly packumentCache full:https://registry.npmjs.org/loose-envify dispose
112 http fetch GET 200 https://registry.npmjs.org/rollup 613ms (cache miss)
113 silly packumentCache full:https://registry.npmjs.org/rollup set size:undefined disposed:false
114 http fetch GET 200 https://registry.npmjs.org/scheduler 575ms (cache updated)
115 silly packumentCache full:https://registry.npmjs.org/scheduler set size:undefined disposed:false
116 http fetch GET 200 https://registry.npmjs.org/react-refresh 751ms (cache updated)
117 silly packumentCache full:https://registry.npmjs.org/react-refresh set size:undefined disposed:false
118 silly placeDep ROOT @babel/core@7.29.7 OK for: @vitejs/plugin-react@4.7.0 want: ^7.28.0
119 silly placeDep ROOT @babel/plugin-transform-react-jsx-self@7.29.7 OK for: @vitejs/plugin-react@4.7.0 want: ^7.27.1
120 silly placeDep ROOT @babel/plugin-transform-react-jsx-source@7.29.7 OK for: @vitejs/plugin-react@4.7.0 want: ^7.27.1
121 silly placeDep ROOT @rolldown/pluginutils@1.0.0-beta.27 OK for: @vitejs/plugin-react@4.7.0 want: 1.0.0-beta.27
122 silly placeDep ROOT @types/babel__core@7.20.5 OK for: @vitejs/plugin-react@4.7.0 want: ^7.20.5
123 silly placeDep ROOT react-refresh@0.17.0 OK for: @vitejs/plugin-react@4.7.0 want: ^0.17.0
124 silly fetch manifest debug@^4.1.0
125 silly packumentCache full:https://registry.npmjs.org/debug cache-miss
126 silly fetch manifest json5@^2.2.3
127 silly packumentCache full:https://registry.npmjs.org/json5 cache-miss
128 silly fetch manifest semver@^6.3.1
129 silly packumentCache full:https://registry.npmjs.org/semver cache-miss
130 silly fetch manifest gensync@^1.0.0-beta.2
131 silly packumentCache full:https://registry.npmjs.org/gensync cache-miss
132 silly fetch manifest @babel/types@^7.29.7
133 silly packumentCache full:https://registry.npmjs.org/@babel%2ftypes cache-miss
134 silly fetch manifest @babel/parser@^7.29.7
135 silly packumentCache full:https://registry.npmjs.org/@babel%2fparser cache-miss
136 silly fetch manifest @babel/helpers@^7.29.7
137 silly packumentCache full:https://registry.npmjs.org/@babel%2fhelpers cache-miss
138 http fetch GET 200 https://registry.npmjs.org/debug 47ms (cache revalidated)
139 silly packumentCache full:https://registry.npmjs.org/debug set size:195840 disposed:false
140 silly fetch manifest @babel/template@^7.29.7
141 silly packumentCache full:https://registry.npmjs.org/@babel%2ftemplate cache-miss
142 http fetch GET 200 https://registry.npmjs.org/json5 49ms (cache revalidated)
143 silly packumentCache full:https://registry.npmjs.org/json5 set size:86136 disposed:false
144 silly fetch manifest @babel/traverse@^7.29.7
145 silly packumentCache full:https://registry.npmjs.org/@babel%2ftraverse cache-miss
146 http fetch GET 200 https://registry.npmjs.org/gensync 52ms (cache revalidated)
147 silly packumentCache full:https://registry.npmjs.org/gensync set size:15068 disposed:false
148 silly fetch manifest @babel/generator@^7.29.7
149 silly packumentCache full:https://registry.npmjs.org/@babel%2fgenerator cache-miss
150 http fetch GET 200 https://registry.npmjs.org/semver 53ms (cache revalidated)
151 silly packumentCache full:https://registry.npmjs.org/semver set size:246069 disposed:false
152 silly fetch manifest @babel/code-frame@^7.29.7
153 silly packumentCache full:https://registry.npmjs.org/@babel%2fcode-frame cache-miss
154 http fetch GET 200 https://registry.npmjs.org/@babel%2fhelpers 72ms (cache revalidated)
155 silly packumentCache full:https://registry.npmjs.org/@babel%2fhelpers set size:398496 disposed:false
156 silly fetch manifest convert-source-map@^2.0.0
157 silly packumentCache full:https://registry.npmjs.org/convert-source-map cache-miss
158 http fetch GET 200 https://registry.npmjs.org/@babel%2ftemplate 61ms (cache revalidated)
159 silly packumentCache full:https://registry.npmjs.org/@babel%2ftemplate set size:237074 disposed:false
160 silly fetch manifest @jridgewell/remapping@^2.3.5
161 silly packumentCache full:https://registry.npmjs.org/@jridgewell%2fremapping cache-miss
162 http fetch GET 200 https://registry.npmjs.org/@babel%2fcode-frame 57ms (cache revalidated)
163 silly packumentCache full:https://registry.npmjs.org/@babel%2fcode-frame set size:206617 disposed:false
164 silly fetch manifest @babel/helper-module-transforms@^7.29.7
165 silly packumentCache full:https://registry.npmjs.org/@babel%2fhelper-module-transforms cache-miss
166 http fetch GET 200 https://registry.npmjs.org/@babel%2ftypes 115ms (cache updated)
167 silly packumentCache full:https://registry.npmjs.org/@babel%2ftypes set size:undefined disposed:false
168 silly fetch manifest @babel/helper-compilation-targets@^7.29.7
169 silly packumentCache full:https://registry.npmjs.org/@babel%2fhelper-compilation-targets cache-miss
170 http fetch GET 200 https://registry.npmjs.org/@babel%2fparser 122ms (cache updated)
171 silly packumentCache full:https://registry.npmjs.org/@babel%2fparser set size:undefined disposed:false
172 silly fetch manifest @babel/helper-plugin-utils@^7.29.7
173 silly packumentCache full:https://registry.npmjs.org/@babel%2fhelper-plugin-utils cache-miss
174 http fetch GET 200 https://registry.npmjs.org/convert-source-map 53ms (cache revalidated)
175 silly packumentCache full:https://registry.npmjs.org/convert-source-map set size:66997 disposed:false
176 silly fetch manifest @babel/helper-plugin-utils@^7.29.7
177 silly packumentCache full:https://registry.npmjs.org/@babel%2fhelper-plugin-utils cache-miss
178 http fetch GET 200 https://registry.npmjs.org/@babel%2fgenerator 93ms (cache updated)
179 silly packumentCache full:https://registry.npmjs.org/@babel%2fgenerator set size:undefined disposed:false
180 silly fetch manifest @babel/types@^7.20.7
181 silly packumentCache full:https://registry.npmjs.org/@babel%2ftypes cache-miss
182 http cache https://registry.npmjs.org/@babel%2ftypes 2ms (cache hit)
183 silly packumentCache full:https://registry.npmjs.org/@babel%2ftypes set size:502939 disposed:false
184 silly fetch manifest @babel/parser@^7.20.7
185 silly packumentCache full:https://registry.npmjs.org/@babel%2fparser cache-miss
186 http cache https://registry.npmjs.org/@babel%2fparser 2ms (cache hit)
187 silly packumentCache full:https://registry.npmjs.org/@babel%2fparser set size:737962 disposed:false
188 silly fetch manifest @types/babel__template@*
189 silly packumentCache full:https://registry.npmjs.org/@types%2fbabel__template cache-miss
190 http fetch GET 200 https://registry.npmjs.org/@babel%2fhelper-compilation-targets 69ms (cache revalidated)
191 silly packumentCache full:https://registry.npmjs.org/@babel%2fhelper-compilation-targets set size:229541 disposed:false
192 silly fetch manifest @types/babel__traverse@*
193 silly packumentCache full:https://registry.npmjs.org/@types%2fbabel__traverse cache-miss
194 http fetch GET 200 https://registry.npmjs.org/@babel%2fhelper-module-transforms 75ms (cache revalidated)
195 silly packumentCache full:https://registry.npmjs.org/@babel%2fhelper-module-transforms set size:346454 disposed:false
196 silly fetch manifest @types/babel__generator@*
197 silly packumentCache full:https://registry.npmjs.org/@types%2fbabel__generator cache-miss
198 http fetch GET 200 https://registry.npmjs.org/@babel%2fhelper-plugin-utils 65ms (cache revalidated)
199 silly packumentCache full:https://registry.npmjs.org/@babel%2fhelper-plugin-utils set size:175564 disposed:false
200 http fetch GET 200 https://registry.npmjs.org/@babel%2fhelper-plugin-utils 64ms (cache revalidated)
201 silly packumentCache full:https://registry.npmjs.org/@babel%2fhelper-plugin-utils set size:175564 disposed:false
202 silly packumentCache full:https://registry.npmjs.org/@babel%2fhelper-plugin-utils dispose
203 http fetch GET 200 https://registry.npmjs.org/@babel%2ftraverse 143ms (cache updated)
204 silly packumentCache full:https://registry.npmjs.org/@babel%2ftraverse set size:undefined disposed:false
205 http fetch GET 200 https://registry.npmjs.org/@jridgewell%2fremapping 84ms (cache revalidated)
206 silly packumentCache full:https://registry.npmjs.org/@jridgewell%2fremapping set size:23809 disposed:false
207 http fetch GET 200 https://registry.npmjs.org/@types%2fbabel__template 67ms (cache miss)
208 silly packumentCache full:https://registry.npmjs.org/@types%2fbabel__template set size:undefined disposed:false
209 http fetch GET 200 https://registry.npmjs.org/@types%2fbabel__generator 70ms (cache miss)
210 silly packumentCache full:https://registry.npmjs.org/@types%2fbabel__generator set size:undefined disposed:false
211 http fetch GET 200 https://registry.npmjs.org/@types%2fbabel__traverse 140ms (cache miss)
212 silly packumentCache full:https://registry.npmjs.org/@types%2fbabel__traverse set size:undefined disposed:false
213 silly fetch manifest @babel/core@^7.0.0
214 silly packumentCache full:https://registry.npmjs.org/@babel%2fcore cache-hit
215 silly placeDep ROOT @babel/code-frame@7.29.7 OK for: @babel/core@7.29.7 want: ^7.29.7
216 silly placeDep ROOT @babel/generator@7.29.8 OK for: @babel/core@7.29.7 want: ^7.29.7
217 silly placeDep ROOT @babel/helper-compilation-targets@7.29.7 OK for: @babel/core@7.29.7 want: ^7.29.7
218 silly placeDep ROOT @babel/helper-module-transforms@7.29.7 OK for: @babel/core@7.29.7 want: ^7.29.7
219 silly placeDep ROOT @babel/helpers@7.29.7 OK for: @babel/core@7.29.7 want: ^7.29.7
220 silly placeDep ROOT @babel/parser@7.29.8 OK for: @babel/core@7.29.7 want: ^7.29.7
221 silly placeDep ROOT @babel/template@7.29.7 OK for: @babel/core@7.29.7 want: ^7.29.7
222 silly placeDep ROOT @babel/traverse@7.29.8 OK for: @babel/core@7.29.7 want: ^7.29.7
223 silly placeDep ROOT @babel/types@7.29.8 OK for: @babel/core@7.29.7 want: ^7.29.7
224 silly placeDep ROOT @jridgewell/remapping@2.3.5 OK for: @babel/core@7.29.7 want: ^2.3.5
225 silly placeDep ROOT convert-source-map@2.0.0 OK for: @babel/core@7.29.7 want: ^2.0.0
226 silly placeDep ROOT debug@4.4.3 OK for: @babel/core@7.29.7 want: ^4.1.0
227 silly placeDep ROOT gensync@1.0.0-beta.2 OK for: @babel/core@7.29.7 want: ^1.0.0-beta.2
228 silly placeDep ROOT json5@2.2.3 OK for: @babel/core@7.29.7 want: ^2.2.3
229 silly placeDep ROOT semver@6.3.1 OK for: @babel/core@7.29.7 want: ^6.3.1
230 silly fetch manifest js-tokens@^4.0.0
231 silly packumentCache full:https://registry.npmjs.org/js-tokens cache-miss
232 silly fetch manifest picocolors@^1.1.1
233 silly packumentCache full:https://registry.npmjs.org/picocolors cache-miss
234 silly fetch manifest @babel/helper-validator-identifier@^7.29.7
235 silly packumentCache full:https://registry.npmjs.org/@babel%2fhelper-validator-identifier cache-miss
236 silly fetch manifest jsesc@^3.0.2
237 silly packumentCache full:https://registry.npmjs.org/jsesc cache-miss
238 silly fetch manifest @babel/types@^7.29.8
239 silly packumentCache full:https://registry.npmjs.org/@babel%2ftypes cache-hit
240 silly fetch manifest @babel/parser@^7.29.8
241 silly packumentCache full:https://registry.npmjs.org/@babel%2fparser cache-hit
242 silly fetch manifest @jridgewell/gen-mapping@^0.3.12
243 silly packumentCache full:https://registry.npmjs.org/@jridgewell%2fgen-mapping cache-miss
244 silly fetch manifest @jridgewell/trace-mapping@^0.3.28
245 silly packumentCache full:https://registry.npmjs.org/@jridgewell%2ftrace-mapping cache-miss
246 silly fetch manifest lru-cache@^5.1.1
247 silly packumentCache full:https://registry.npmjs.org/lru-cache cache-miss
248 http fetch GET 200 https://registry.npmjs.org/lru-cache 156ms (cache revalidated)
249 silly packumentCache full:https://registry.npmjs.org/lru-cache set size:460407 disposed:false
250 silly fetch manifest browserslist@^4.24.0
251 silly packumentCache full:https://registry.npmjs.org/browserslist cache-miss
252 http fetch GET 200 https://registry.npmjs.org/picocolors 165ms (cache revalidated)
253 silly packumentCache full:https://registry.npmjs.org/picocolors set size:16648 disposed:false
254 silly fetch manifest @babel/compat-data@^7.29.7
255 silly packumentCache full:https://registry.npmjs.org/@babel%2fcompat-data cache-miss
256 http fetch GET 200 https://registry.npmjs.org/js-tokens 177ms (cache revalidated)
257 silly packumentCache full:https://registry.npmjs.org/js-tokens set size:41947 disposed:false
258 silly fetch manifest @babel/helper-validator-option@^7.29.7
259 silly packumentCache full:https://registry.npmjs.org/@babel%2fhelper-validator-option cache-miss
260 http fetch GET 200 https://registry.npmjs.org/jsesc 178ms (cache revalidated)
261 silly packumentCache full:https://registry.npmjs.org/jsesc set size:61512 disposed:false
262 silly fetch manifest @babel/helper-module-imports@^7.29.7
263 silly packumentCache full:https://registry.npmjs.org/@babel%2fhelper-module-imports cache-miss
264 http fetch GET 200 https://registry.npmjs.org/@babel%2fhelper-validator-identifier 179ms (cache revalidated)
265 silly packumentCache full:https://registry.npmjs.org/@babel%2fhelper-validator-identifier set size:130133 disposed:false
266 silly fetch manifest debug@^4.3.1
267 silly packumentCache full:https://registry.npmjs.org/debug cache-hit
268 silly fetch manifest @babel/helper-globals@^7.29.7
269 silly packumentCache full:https://registry.npmjs.org/@babel%2fhelper-globals cache-miss
270 http fetch GET 200 https://registry.npmjs.org/@jridgewell%2ftrace-mapping 180ms (cache revalidated)
271 silly packumentCache full:https://registry.npmjs.org/@jridgewell%2ftrace-mapping set size:170909 disposed:false
272 silly fetch manifest @babel/helper-string-parser@^7.29.7
273 silly packumentCache full:https://registry.npmjs.org/@babel%2fhelper-string-parser cache-miss
274 http fetch GET 200 https://registry.npmjs.org/@jridgewell%2fgen-mapping 186ms (cache revalidated)
275 silly packumentCache full:https://registry.npmjs.org/@jridgewell%2fgen-mapping set size:75941 disposed:false
276 silly fetch manifest @jridgewell/gen-mapping@^0.3.5
277 silly packumentCache full:https://registry.npmjs.org/@jridgewell%2fgen-mapping cache-hit
278 silly fetch manifest @jridgewell/trace-mapping@^0.3.24
279 silly packumentCache full:https://registry.npmjs.org/@jridgewell%2ftrace-mapping cache-hit
280 silly fetch manifest ms@^2.1.3
281 silly packumentCache full:https://registry.npmjs.org/ms cache-miss
282 http fetch GET 200 https://registry.npmjs.org/@babel%2fhelper-globals 57ms (cache revalidated)
283 silly packumentCache full:https://registry.npmjs.org/@babel%2fhelper-globals set size:25155 disposed:false
284 http fetch GET 200 https://registry.npmjs.org/@babel%2fhelper-string-parser 56ms (cache revalidated)
285 silly packumentCache full:https://registry.npmjs.org/@babel%2fhelper-string-parser set size:91563 disposed:false
286 http fetch GET 200 https://registry.npmjs.org/browserslist 76ms (cache revalidated)
287 silly packumentCache full:https://registry.npmjs.org/browserslist set size:516369 disposed:false
288 http fetch GET 200 https://registry.npmjs.org/ms 55ms (cache revalidated)
289 silly packumentCache full:https://registry.npmjs.org/ms set size:92208 disposed:false
290 http fetch GET 200 https://registry.npmjs.org/@babel%2fhelper-module-imports 66ms (cache revalidated)
291 silly packumentCache full:https://registry.npmjs.org/@babel%2fhelper-module-imports set size:203392 disposed:false
292 http fetch GET 200 https://registry.npmjs.org/@babel%2fhelper-validator-option 69ms (cache revalidated)
293 silly packumentCache full:https://registry.npmjs.org/@babel%2fhelper-validator-option set size:101303 disposed:false
294 http fetch GET 200 https://registry.npmjs.org/@babel%2fcompat-data 82ms (cache revalidated)
295 silly packumentCache full:https://registry.npmjs.org/@babel%2fcompat-data set size:318807 disposed:false
296 silly placeDep ROOT @babel/helper-validator-identifier@7.29.7 OK for: @babel/code-frame@7.29.7 want: ^7.29.7
297 silly placeDep ROOT js-tokens@4.0.0 OK for: @babel/code-frame@7.29.7 want: ^4.0.0
298 silly placeDep ROOT picocolors@1.1.1 OK for: @babel/code-frame@7.29.7 want: ^1.1.1
299 silly placeDep ROOT @jridgewell/gen-mapping@0.3.13 OK for: @babel/generator@7.29.8 want: ^0.3.12
300 silly placeDep ROOT @jridgewell/trace-mapping@0.3.31 OK for: @babel/generator@7.29.8 want: ^0.3.28
301 silly placeDep ROOT jsesc@3.1.0 OK for: @babel/generator@7.29.8 want: ^3.0.2
302 silly fetch manifest @jridgewell/sourcemap-codec@^1.5.0
303 silly packumentCache full:https://registry.npmjs.org/@jridgewell%2fsourcemap-codec cache-miss
304 silly fetch manifest @jridgewell/resolve-uri@^3.1.0
305 silly packumentCache full:https://registry.npmjs.org/@jridgewell%2fresolve-uri cache-miss
306 silly fetch manifest @jridgewell/sourcemap-codec@^1.4.14
307 silly packumentCache full:https://registry.npmjs.org/@jridgewell%2fsourcemap-codec cache-miss
308 http fetch GET 200 https://registry.npmjs.org/@jridgewell%2fresolve-uri 64ms (cache revalidated)
309 silly packumentCache full:https://registry.npmjs.org/@jridgewell%2fresolve-uri set size:57361 disposed:false
310 http fetch GET 200 https://registry.npmjs.org/@jridgewell%2fsourcemap-codec 65ms (cache revalidated)
311 silly packumentCache full:https://registry.npmjs.org/@jridgewell%2fsourcemap-codec set size:51856 disposed:false
312 http fetch GET 200 https://registry.npmjs.org/@jridgewell%2fsourcemap-codec 65ms (cache revalidated)
313 silly packumentCache full:https://registry.npmjs.org/@jridgewell%2fsourcemap-codec set size:51856 disposed:false
314 silly packumentCache full:https://registry.npmjs.org/@jridgewell%2fsourcemap-codec dispose
315 silly placeDep ROOT @babel/compat-data@7.29.7 OK for: @babel/helper-compilation-targets@7.29.7 want: ^7.29.7
316 silly placeDep ROOT @babel/helper-validator-option@7.29.7 OK for: @babel/helper-compilation-targets@7.29.7 want: ^7.29.7
317 silly placeDep ROOT browserslist@4.28.7 OK for: @babel/helper-compilation-targets@7.29.7 want: ^4.24.0
318 silly placeDep ROOT lru-cache@5.1.1 OK for: @babel/helper-compilation-targets@7.29.7 want: ^5.1.1
319 silly fetch manifest caniuse-lite@^1.0.30001806
320 silly packumentCache full:https://registry.npmjs.org/caniuse-lite cache-miss
321 silly fetch manifest node-releases@^2.0.51
322 silly packumentCache full:https://registry.npmjs.org/node-releases cache-miss
323 silly fetch manifest electron-to-chromium@^1.5.393
324 silly packumentCache full:https://registry.npmjs.org/electron-to-chromium cache-miss
325 silly fetch manifest update-browserslist-db@^1.2.3
326 silly packumentCache full:https://registry.npmjs.org/update-browserslist-db cache-miss
327 silly fetch manifest baseline-browser-mapping@^2.10.44
328 silly packumentCache full:https://registry.npmjs.org/baseline-browser-mapping cache-miss
329 silly fetch manifest yallist@^3.0.2
330 silly packumentCache full:https://registry.npmjs.org/yallist cache-miss
331 http fetch GET 200 https://registry.npmjs.org/update-browserslist-db 67ms (cache revalidated)
332 silly packumentCache full:https://registry.npmjs.org/update-browserslist-db set size:62000 disposed:false
333 http fetch GET 200 https://registry.npmjs.org/yallist 67ms (cache revalidated)
334 silly packumentCache full:https://registry.npmjs.org/yallist set size:34610 disposed:false
335 http fetch GET 200 https://registry.npmjs.org/node-releases 70ms (cache revalidated)
336 silly packumentCache full:https://registry.npmjs.org/node-releases set size:290209 disposed:false
337 http fetch GET 200 https://registry.npmjs.org/electron-to-chromium 82ms (cache revalidated)
338 silly packumentCache full:https://registry.npmjs.org/electron-to-chromium set size:4881497 disposed:false
339 http fetch GET 200 https://registry.npmjs.org/caniuse-lite 114ms (cache revalidated)
340 silly packumentCache full:https://registry.npmjs.org/caniuse-lite set size:2306880 disposed:false
341 http fetch GET 200 https://registry.npmjs.org/baseline-browser-mapping 119ms (cache updated)
342 silly packumentCache full:https://registry.npmjs.org/baseline-browser-mapping set size:undefined disposed:false
343 silly placeDep ROOT @babel/helper-module-imports@7.29.7 OK for: @babel/helper-module-transforms@7.29.7 want: ^7.29.7
344 silly placeDep ROOT @babel/helper-plugin-utils@7.29.7 OK for: @babel/plugin-transform-react-jsx-self@7.29.7 want: ^7.29.7
345 silly placeDep ROOT @babel/helper-globals@7.29.7 OK for: @babel/traverse@7.29.8 want: ^7.29.7
346 silly placeDep ROOT @babel/helper-string-parser@7.29.7 OK for: @babel/types@7.29.8 want: ^7.29.7
347 silly placeDep ROOT @jridgewell/sourcemap-codec@1.5.5 OK for: @jridgewell/gen-mapping@0.3.13 want: ^1.5.0
348 silly placeDep ROOT @jridgewell/resolve-uri@3.1.2 OK for: @jridgewell/trace-mapping@0.3.31 want: ^3.1.0
349 silly placeDep ROOT @types/babel__generator@7.27.0 OK for: @types/babel__core@7.20.5 want: *
350 silly placeDep ROOT @types/babel__template@7.4.4 OK for: @types/babel__core@7.20.5 want: *
351 silly placeDep ROOT @types/babel__traverse@7.28.0 OK for: @types/babel__core@7.20.5 want: *
352 silly fetch manifest browserslist@>= 4.21.0
353 silly packumentCache full:https://registry.npmjs.org/browserslist cache-hit
354 silly placeDep ROOT baseline-browser-mapping@2.11.11 OK for: browserslist@4.28.7 want: ^2.10.44
355 silly placeDep ROOT caniuse-lite@1.0.30001806 OK for: browserslist@4.28.7 want: ^1.0.30001806
356 silly placeDep ROOT electron-to-chromium@1.5.399 OK for: browserslist@4.28.7 want: ^1.5.393
357 silly placeDep ROOT node-releases@2.0.51 OK for: browserslist@4.28.7 want: ^2.0.51
358 silly placeDep ROOT update-browserslist-db@1.2.3 OK for: browserslist@4.28.7 want: ^1.2.3
359 silly fetch manifest escalade@^3.2.0
360 silly packumentCache full:https://registry.npmjs.org/escalade cache-miss
361 http fetch GET 200 https://registry.npmjs.org/escalade 42ms (cache revalidated)
362 silly packumentCache full:https://registry.npmjs.org/escalade set size:33724 disposed:false
363 silly placeDep ROOT ms@2.1.3 OK for: debug@4.4.3 want: ^2.1.3
364 silly placeDep ROOT yallist@3.1.1 OK for: lru-cache@5.1.1 want: ^3.0.2
365 silly placeDep ROOT loose-envify@1.4.0 OK for: react@18.3.1 want: ^1.1.0
366 silly placeDep ROOT scheduler@0.23.2 OK for: react-dom@18.3.1 want: ^0.23.2
367 silly placeDep ROOT escalade@3.2.0 OK for: update-browserslist-db@1.2.3 want: ^3.2.0
368 silly placeDep ROOT esbuild@0.18.20 OK for: vite@4.5.14 want: ^0.18.10
369 silly placeDep ROOT fsevents@2.3.3 OK for: vite@4.5.14 want: ~2.3.2
370 silly placeDep ROOT postcss@8.5.25 OK for: vite@4.5.14 want: ^8.4.27
371 silly placeDep ROOT rollup@3.30.0 OK for: vite@4.5.14 want: ^3.27.1
372 silly fetch manifest @esbuild/linux-arm@0.18.20
373 silly packumentCache full:https://registry.npmjs.org/@esbuild%2flinux-arm cache-miss
374 silly fetch manifest @esbuild/linux-x64@0.18.20
375 silly packumentCache full:https://registry.npmjs.org/@esbuild%2flinux-x64 cache-miss
376 silly fetch manifest @esbuild/sunos-x64@0.18.20
377 silly packumentCache full:https://registry.npmjs.org/@esbuild%2fsunos-x64 cache-miss
378 silly fetch manifest @esbuild/win32-x64@0.18.20
379 silly packumentCache full:https://registry.npmjs.org/@esbuild%2fwin32-x64 cache-miss
380 silly fetch manifest @esbuild/darwin-x64@0.18.20
381 silly packumentCache full:https://registry.npmjs.org/@esbuild%2fdarwin-x64 cache-miss
382 silly fetch manifest @esbuild/linux-ia32@0.18.20
383 silly packumentCache full:https://registry.npmjs.org/@esbuild%2flinux-ia32 cache-miss
384 silly fetch manifest @esbuild/netbsd-x64@0.18.20
385 silly packumentCache full:https://registry.npmjs.org/@esbuild%2fnetbsd-x64 cache-miss
386 http fetch GET 200 https://registry.npmjs.org/@esbuild%2fnetbsd-x64 60ms (cache revalidated)
387 silly packumentCache full:https://registry.npmjs.org/@esbuild%2fnetbsd-x64 set size:195514 disposed:false
388 silly fetch manifest @esbuild/win32-ia32@0.18.20
389 silly packumentCache full:https://registry.npmjs.org/@esbuild%2fwin32-ia32 cache-miss
390 http fetch GET 200 https://registry.npmjs.org/@esbuild%2flinux-x64 61ms (cache revalidated)
391 silly packumentCache full:https://registry.npmjs.org/@esbuild%2flinux-x64 set size:197126 disposed:false
392 silly fetch manifest @esbuild/android-arm@0.18.20
393 silly packumentCache full:https://registry.npmjs.org/@esbuild%2fandroid-arm cache-miss
394 http fetch GET 200 https://registry.npmjs.org/@esbuild%2fsunos-x64 65ms (cache revalidated)
395 silly packumentCache full:https://registry.npmjs.org/@esbuild%2fsunos-x64 set size:197370 disposed:false
396 silly fetch manifest @esbuild/android-x64@0.18.20
397 silly packumentCache full:https://registry.npmjs.org/@esbuild%2fandroid-x64 cache-miss
398 http fetch GET 200 https://registry.npmjs.org/@esbuild%2flinux-ia32 73ms (cache revalidated)
399 silly packumentCache full:https://registry.npmjs.org/@esbuild%2flinux-ia32 set size:197805 disposed:false
400 silly fetch manifest @esbuild/freebsd-x64@0.18.20
401 silly packumentCache full:https://registry.npmjs.org/@esbuild%2ffreebsd-x64 cache-miss
402 http fetch GET 200 https://registry.npmjs.org/@esbuild%2flinux-arm 77ms (cache revalidated)
403 silly packumentCache full:https://registry.npmjs.org/@esbuild%2flinux-arm set size:196784 disposed:false
404 silly fetch manifest @esbuild/linux-arm64@0.18.20
405 silly packumentCache full:https://registry.npmjs.org/@esbuild%2flinux-arm64 cache-miss
406 http fetch GET 200 https://registry.npmjs.org/@esbuild%2fwin32-x64 83ms (cache revalidated)
407 silly packumentCache full:https://registry.npmjs.org/@esbuild%2fwin32-x64 set size:195722 disposed:false
408 silly fetch manifest @esbuild/linux-ppc64@0.18.20
409 silly packumentCache full:https://registry.npmjs.org/@esbuild%2flinux-ppc64 cache-miss
410 http fetch GET 200 https://registry.npmjs.org/@esbuild%2fdarwin-x64 85ms (cache revalidated)
411 silly packumentCache full:https://registry.npmjs.org/@esbuild%2fdarwin-x64 set size:197848 disposed:false
412 silly fetch manifest @esbuild/linux-s390x@0.18.20
413 silly packumentCache full:https://registry.npmjs.org/@esbuild%2flinux-s390x cache-miss
414 http fetch GET 200 https://registry.npmjs.org/@esbuild%2fwin32-ia32 60ms (cache revalidated)
415 silly packumentCache full:https://registry.npmjs.org/@esbuild%2fwin32-ia32 set size:198030 disposed:false
416 silly fetch manifest @esbuild/openbsd-x64@0.18.20
417 silly packumentCache full:https://registry.npmjs.org/@esbuild%2fopenbsd-x64 cache-miss
418 http fetch GET 200 https://registry.npmjs.org/@esbuild%2fandroid-arm 72ms (cache revalidated)
419 silly packumentCache full:https://registry.npmjs.org/@esbuild%2fandroid-arm set size:223400 disposed:false
420 silly fetch manifest @esbuild/win32-arm64@0.18.20
421 silly packumentCache full:https://registry.npmjs.org/@esbuild%2fwin32-arm64 cache-miss
422 http fetch GET 200 https://registry.npmjs.org/@esbuild%2fandroid-x64 69ms (cache revalidated)
423 silly packumentCache full:https://registry.npmjs.org/@esbuild%2fandroid-x64 set size:197200 disposed:false
424 silly fetch manifest @esbuild/darwin-arm64@0.18.20
425 silly packumentCache full:https://registry.npmjs.org/@esbuild%2fdarwin-arm64 cache-miss
426 http fetch GET 200 https://registry.npmjs.org/@esbuild%2flinux-arm64 75ms (cache revalidated)
427 silly packumentCache full:https://registry.npmjs.org/@esbuild%2flinux-arm64 set size:198939 disposed:false
428 silly fetch manifest @esbuild/android-arm64@0.18.20
429 silly packumentCache full:https://registry.npmjs.org/@esbuild%2fandroid-arm64 cache-miss
430 http fetch GET 200 https://registry.npmjs.org/@esbuild%2flinux-ppc64 69ms (cache revalidated)
431 silly packumentCache full:https://registry.npmjs.org/@esbuild%2flinux-ppc64 set size:200994 disposed:false
432 silly fetch manifest @esbuild/freebsd-arm64@0.18.20
433 silly packumentCache full:https://registry.npmjs.org/@esbuild%2ffreebsd-arm64 cache-miss
434 http fetch GET 200 https://registry.npmjs.org/@esbuild%2flinux-s390x 75ms (cache revalidated)
435 silly packumentCache full:https://registry.npmjs.org/@esbuild%2flinux-s390x set size:200463 disposed:false
436 silly fetch manifest @esbuild/linux-loong64@0.18.20
437 silly packumentCache full:https://registry.npmjs.org/@esbuild%2flinux-loong64 cache-miss
438 http fetch GET 200 https://registry.npmjs.org/@esbuild%2ffreebsd-x64 92ms (cache revalidated)
439 silly packumentCache full:https://registry.npmjs.org/@esbuild%2ffreebsd-x64 set size:198734 disposed:false
440 silly fetch manifest @esbuild/linux-riscv64@0.18.20
441 silly packumentCache full:https://registry.npmjs.org/@esbuild%2flinux-riscv64 cache-miss
442 http fetch GET 200 https://registry.npmjs.org/@esbuild%2fopenbsd-x64 58ms (cache revalidated)
443 silly packumentCache full:https://registry.npmjs.org/@esbuild%2fopenbsd-x64 set size:198745 disposed:false
444 silly fetch manifest @esbuild/linux-mips64el@0.18.20
445 silly packumentCache full:https://registry.npmjs.org/@esbuild%2flinux-mips64el cache-miss
446 http fetch GET 200 https://registry.npmjs.org/@esbuild%2fwin32-arm64 56ms (cache revalidated)
447 silly packumentCache full:https://registry.npmjs.org/@esbuild%2fwin32-arm64 set size:199171 disposed:false
448 silly fetch manifest nanoid@^3.3.16
449 silly packumentCache full:https://registry.npmjs.org/nanoid cache-miss
450 http fetch GET 200 https://registry.npmjs.org/@esbuild%2fdarwin-arm64 67ms (cache revalidated)
451 silly packumentCache full:https://registry.npmjs.org/@esbuild%2fdarwin-arm64 set size:199630 disposed:false
452 silly fetch manifest source-map-js@^1.2.1
453 silly packumentCache full:https://registry.npmjs.org/source-map-js cache-miss
454 http fetch GET 200 https://registry.npmjs.org/@esbuild%2ffreebsd-arm64 50ms (cache revalidated)
455 silly packumentCache full:https://registry.npmjs.org/@esbuild%2ffreebsd-arm64 set size:200534 disposed:false
456 http fetch GET 200 https://registry.npmjs.org/@esbuild%2fandroid-arm64 62ms (cache revalidated)
457 silly packumentCache full:https://registry.npmjs.org/@esbuild%2fandroid-arm64 set size:202366 disposed:false
458 http fetch GET 200 https://registry.npmjs.org/@esbuild%2flinux-riscv64 69ms (cache revalidated)
459 silly packumentCache full:https://registry.npmjs.org/@esbuild%2flinux-riscv64 set size:200662 disposed:false
460 http fetch GET 200 https://registry.npmjs.org/@esbuild%2flinux-mips64el 62ms (cache revalidated)
461 silly packumentCache full:https://registry.npmjs.org/@esbuild%2flinux-mips64el set size:202764 disposed:false
462 http fetch GET 200 https://registry.npmjs.org/@esbuild%2flinux-loong64 99ms (cache revalidated)
463 silly packumentCache full:https://registry.npmjs.org/@esbuild%2flinux-loong64 set size:253896 disposed:false
464 http fetch GET 200 https://registry.npmjs.org/source-map-js 58ms (cache revalidated)
465 silly packumentCache full:https://registry.npmjs.org/source-map-js set size:62640 disposed:false
466 http fetch GET 200 https://registry.npmjs.org/nanoid 77ms (cache revalidated)
467 silly packumentCache full:https://registry.npmjs.org/nanoid set size:335912 disposed:false
468 silly placeDep ROOT @esbuild/android-arm@0.18.20 OK for: esbuild@0.18.20 want: 0.18.20
469 silly placeDep ROOT @esbuild/android-arm64@0.18.20 OK for: esbuild@0.18.20 want: 0.18.20
470 silly placeDep ROOT @esbuild/android-x64@0.18.20 OK for: esbuild@0.18.20 want: 0.18.20
471 silly placeDep ROOT @esbuild/darwin-arm64@0.18.20 OK for: esbuild@0.18.20 want: 0.18.20
472 silly placeDep ROOT @esbuild/darwin-x64@0.18.20 OK for: esbuild@0.18.20 want: 0.18.20
473 silly placeDep ROOT @esbuild/freebsd-arm64@0.18.20 OK for: esbuild@0.18.20 want: 0.18.20
474 silly placeDep ROOT @esbuild/freebsd-x64@0.18.20 OK for: esbuild@0.18.20 want: 0.18.20
475 silly placeDep ROOT @esbuild/linux-arm@0.18.20 OK for: esbuild@0.18.20 want: 0.18.20
476 silly placeDep ROOT @esbuild/linux-arm64@0.18.20 OK for: esbuild@0.18.20 want: 0.18.20
477 silly placeDep ROOT @esbuild/linux-ia32@0.18.20 OK for: esbuild@0.18.20 want: 0.18.20
478 silly placeDep ROOT @esbuild/linux-loong64@0.18.20 OK for: esbuild@0.18.20 want: 0.18.20
479 silly placeDep ROOT @esbuild/linux-mips64el@0.18.20 OK for: esbuild@0.18.20 want: 0.18.20
480 silly placeDep ROOT @esbuild/linux-ppc64@0.18.20 OK for: esbuild@0.18.20 want: 0.18.20
481 silly placeDep ROOT @esbuild/linux-riscv64@0.18.20 OK for: esbuild@0.18.20 want: 0.18.20
482 silly placeDep ROOT @esbuild/linux-s390x@0.18.20 OK for: esbuild@0.18.20 want: 0.18.20
483 silly placeDep ROOT @esbuild/linux-x64@0.18.20 OK for: esbuild@0.18.20 want: 0.18.20
484 silly placeDep ROOT @esbuild/netbsd-x64@0.18.20 OK for: esbuild@0.18.20 want: 0.18.20
485 silly placeDep ROOT @esbuild/openbsd-x64@0.18.20 OK for: esbuild@0.18.20 want: 0.18.20
486 silly placeDep ROOT @esbuild/sunos-x64@0.18.20 OK for: esbuild@0.18.20 want: 0.18.20
487 silly placeDep ROOT @esbuild/win32-arm64@0.18.20 OK for: esbuild@0.18.20 want: 0.18.20
488 silly placeDep ROOT @esbuild/win32-ia32@0.18.20 OK for: esbuild@0.18.20 want: 0.18.20
489 silly placeDep ROOT @esbuild/win32-x64@0.18.20 OK for: esbuild@0.18.20 want: 0.18.20
490 silly placeDep ROOT nanoid@3.3.16 OK for: postcss@8.5.25 want: ^3.3.16
491 silly placeDep ROOT source-map-js@1.2.1 OK for: postcss@8.5.25 want: ^1.2.1
492 silly reify moves {}
493 silly audit bulk request {
493 silly audit   '@vitejs/plugin-react': [ '4.7.0' ],
493 silly audit   vite: [ '4.5.14' ],
493 silly audit   react: [ '18.3.1' ],
493 silly audit   'react-dom': [ '18.3.1' ],
493 silly audit   '@babel/core': [ '7.29.7' ],
493 silly audit   '@babel/plugin-transform-react-jsx-self': [ '7.29.7' ],
493 silly audit   '@babel/plugin-transform-react-jsx-source': [ '7.29.7' ],
493 silly audit   '@rolldown/pluginutils': [ '1.0.0-beta.27' ],
493 silly audit   '@types/babel__core': [ '7.20.5' ],
493 silly audit   'react-refresh': [ '0.17.0' ],
493 silly audit   '@babel/code-frame': [ '7.29.7' ],
493 silly audit   '@babel/generator': [ '7.29.8' ],
493 silly audit   '@babel/helper-compilation-targets': [ '7.29.7' ],
493 silly audit   '@babel/helper-module-transforms': [ '7.29.7' ],
493 silly audit   '@babel/helpers': [ '7.29.7' ],
493 silly audit   '@babel/parser': [ '7.29.8' ],
493 silly audit   '@babel/template': [ '7.29.7' ],
493 silly audit   '@babel/traverse': [ '7.29.8' ],
493 silly audit   '@babel/types': [ '7.29.8' ],
493 silly audit   '@jridgewell/remapping': [ '2.3.5' ],
493 silly audit   'convert-source-map': [ '2.0.0' ],
493 silly audit   debug: [ '4.4.3' ],
493 silly audit   gensync: [ '1.0.0-beta.2' ],
493 silly audit   json5: [ '2.2.3' ],
493 silly audit   semver: [ '6.3.1' ],
493 silly audit   '@babel/helper-validator-identifier': [ '7.29.7' ],
493 silly audit   'js-tokens': [ '4.0.0' ],
493 silly audit   picocolors: [ '1.1.1' ],
493 silly audit   '@jridgewell/gen-mapping': [ '0.3.13' ],
493 silly audit   '@jridgewell/trace-mapping': [ '0.3.31' ],
493 silly audit   jsesc: [ '3.1.0' ],
493 silly audit   '@babel/compat-data': [ '7.29.7' ],
493 silly audit   '@babel/helper-validator-option': [ '7.29.7' ],
493 silly audit   browserslist: [ '4.28.7' ],
493 silly audit   'lru-cache': [ '5.1.1' ],
493 silly audit   '@babel/helper-module-imports': [ '7.29.7' ],
493 silly audit   '@babel/helper-plugin-utils': [ '7.29.7' ],
493 silly audit   '@babel/helper-globals': [ '7.29.7' ],
493 silly audit   '@babel/helper-string-parser': [ '7.29.7' ],
493 silly audit   '@jridgewell/sourcemap-codec': [ '1.5.5' ],
493 silly audit   '@jridgewell/resolve-uri': [ '3.1.2' ],
493 silly audit   '@types/babel__generator': [ '7.27.0' ],
493 silly audit   '@types/babel__template': [ '7.4.4' ],
493 silly audit   '@types/babel__traverse': [ '7.28.0' ],
493 silly audit   'baseline-browser-mapping': [ '2.11.11' ],
493 silly audit   'caniuse-lite': [ '1.0.30001806' ],
493 silly audit   'electron-to-chromium': [ '1.5.399' ],
493 silly audit   'node-releases': [ '2.0.51' ],
493 silly audit   'update-browserslist-db': [ '1.2.3' ],
493 silly audit   ms: [ '2.1.3' ],
493 silly audit   yallist: [ '3.1.1' ],
493 silly audit   'loose-envify': [ '1.4.0' ],
493 silly audit   scheduler: [ '0.23.2' ],
493 silly audit   escalade: [ '3.2.0' ],
493 silly audit   esbuild: [ '0.18.20' ],
493 silly audit   fsevents: [ '2.3.3' ],
493 silly audit   postcss: [ '8.5.25' ],
493 silly audit   rollup: [ '3.30.0' ],
493 silly audit   '@esbuild/android-arm': [ '0.18.20' ],
493 silly audit   '@esbuild/android-arm64': [ '0.18.20' ],
493 silly audit   '@esbuild/android-x64': [ '0.18.20' ],
493 silly audit   '@esbuild/darwin-arm64': [ '0.18.20' ],
493 silly audit   '@esbuild/darwin-x64': [ '0.18.20' ],
493 silly audit   '@esbuild/freebsd-arm64': [ '0.18.20' ],
493 silly audit   '@esbuild/freebsd-x64': [ '0.18.20' ],
493 silly audit   '@esbuild/linux-arm': [ '0.18.20' ],
493 silly audit   '@esbuild/linux-arm64': [ '0.18.20' ],
493 silly audit   '@esbuild/linux-ia32': [ '0.18.20' ],
493 silly audit   '@esbuild/linux-loong64': [ '0.18.20' ],
493 silly audit   '@esbuild/linux-mips64el': [ '0.18.20' ],
493 silly audit   '@esbuild/linux-ppc64': [ '0.18.20' ],
493 silly audit   '@esbuild/linux-riscv64': [ '0.18.20' ],
493 silly audit   '@esbuild/linux-s390x': [ '0.18.20' ],
493 silly audit   '@esbuild/linux-x64': [ '0.18.20' ],
493 silly audit   '@esbuild/netbsd-x64': [ '0.18.20' ],
493 silly audit   '@esbuild/openbsd-x64': [ '0.18.20' ],
493 silly audit   '@esbuild/sunos-x64': [ '0.18.20' ],
493 silly audit   '@esbuild/win32-arm64': [ '0.18.20' ],
493 silly audit   '@esbuild/win32-ia32': [ '0.18.20' ],
493 silly audit   '@esbuild/win32-x64': [ '0.18.20' ],
493 silly audit   nanoid: [ '3.3.16' ],
493 silly audit   'source-map-js': [ '1.2.1' ]
493 silly audit }
494 http cache source-map-js@https://registry.npmjs.org/source-map-js/-/source-map-js-1.2.1.tgz 0ms (cache hit)
495 http cache @esbuild/darwin-arm64@https://registry.npmjs.org/@esbuild/darwin-arm64/-/darwin-arm64-0.18.20.tgz 0ms (cache hit)
496 http cache nanoid@https://registry.npmjs.org/nanoid/-/nanoid-3.3.16.tgz 0ms (cache hit)
497 http cache rollup@https://registry.npmjs.org/rollup/-/rollup-3.30.0.tgz 0ms (cache hit)
498 http cache postcss@https://registry.npmjs.org/postcss/-/postcss-8.5.25.tgz 0ms (cache hit)
499 http cache fsevents@https://registry.npmjs.org/fsevents/-/fsevents-2.3.3.tgz 0ms (cache hit)
500 http cache esbuild@https://registry.npmjs.org/esbuild/-/esbuild-0.18.20.tgz 0ms (cache hit)
501 http cache escalade@https://registry.npmjs.org/escalade/-/escalade-3.2.0.tgz 0ms (cache hit)
502 http cache scheduler@https://registry.npmjs.org/scheduler/-/scheduler-0.23.2.tgz 0ms (cache hit)
503 http cache loose-envify@https://registry.npmjs.org/loose-envify/-/loose-envify-1.4.0.tgz 0ms (cache hit)
504 http cache yallist@https://registry.npmjs.org/yallist/-/yallist-3.1.1.tgz 0ms (cache hit)
505 http cache ms@https://registry.npmjs.org/ms/-/ms-2.1.3.tgz 0ms (cache hit)
506 http cache node-releases@https://registry.npmjs.org/node-releases/-/node-releases-2.0.51.tgz 0ms (cache hit)
507 http cache update-browserslist-db@https://registry.npmjs.org/update-browserslist-db/-/update-browserslist-db-1.2.3.tgz 0ms (cache hit)
508 http cache baseline-browser-mapping@https://registry.npmjs.org/baseline-browser-mapping/-/baseline-browser-mapping-2.11.11.tgz 0ms (cache hit)
509 http cache caniuse-lite@https://registry.npmjs.org/caniuse-lite/-/caniuse-lite-1.0.30001806.tgz 0ms (cache hit)
510 http cache @types/babel__traverse@https://registry.npmjs.org/@types/babel__traverse/-/babel__traverse-7.28.0.tgz 0ms (cache hit)
511 http cache @types/babel__template@https://registry.npmjs.org/@types/babel__template/-/babel__template-7.4.4.tgz 0ms (cache hit)
512 http cache @jridgewell/resolve-uri@https://registry.npmjs.org/@jridgewell/resolve-uri/-/resolve-uri-3.1.2.tgz 0ms (cache hit)
513 http cache @types/babel__generator@https://registry.npmjs.org/@types/babel__generator/-/babel__generator-7.27.0.tgz 0ms (cache hit)
514 http cache @jridgewell/sourcemap-codec@https://registry.npmjs.org/@jridgewell/sourcemap-codec/-/sourcemap-codec-1.5.5.tgz 0ms (cache hit)
515 http cache @babel/helper-globals@https://registry.npmjs.org/@babel/helper-globals/-/helper-globals-7.29.7.tgz 0ms (cache hit)
516 http cache @babel/helper-string-parser@https://registry.npmjs.org/@babel/helper-string-parser/-/helper-string-parser-7.29.7.tgz 0ms (cache hit)
517 http cache @babel/helper-plugin-utils@https://registry.npmjs.org/@babel/helper-plugin-utils/-/helper-plugin-utils-7.29.7.tgz 0ms (cache hit)
518 http cache lru-cache@https://registry.npmjs.org/lru-cache/-/lru-cache-5.1.1.tgz 0ms (cache hit)
519 http cache @babel/helper-module-imports@https://registry.npmjs.org/@babel/helper-module-imports/-/helper-module-imports-7.29.7.tgz 0ms (cache hit)
520 http cache browserslist@https://registry.npmjs.org/browserslist/-/browserslist-4.28.7.tgz 0ms (cache hit)
521 http cache @babel/compat-data@https://registry.npmjs.org/@babel/compat-data/-/compat-data-7.29.7.tgz 0ms (cache hit)
522 http cache @babel/helper-validator-option@https://registry.npmjs.org/@babel/helper-validator-option/-/helper-validator-option-7.29.7.tgz 0ms (cache hit)
523 http cache jsesc@https://registry.npmjs.org/jsesc/-/jsesc-3.1.0.tgz 0ms (cache hit)
524 http cache @jridgewell/gen-mapping@https://registry.npmjs.org/@jridgewell/gen-mapping/-/gen-mapping-0.3.13.tgz 0ms (cache hit)
525 http cache picocolors@https://registry.npmjs.org/picocolors/-/picocolors-1.1.1.tgz 0ms (cache hit)
526 http cache js-tokens@https://registry.npmjs.org/js-tokens/-/js-tokens-4.0.0.tgz 0ms (cache hit)
527 http cache @babel/helper-validator-identifier@https://registry.npmjs.org/@babel/helper-validator-identifier/-/helper-validator-identifier-7.29.7.tgz 0ms (cache hit)
528 http cache @jridgewell/trace-mapping@https://registry.npmjs.org/@jridgewell/trace-mapping/-/trace-mapping-0.3.31.tgz 0ms (cache hit)
529 http cache json5@https://registry.npmjs.org/json5/-/json5-2.2.3.tgz 0ms (cache hit)
530 http cache gensync@https://registry.npmjs.org/gensync/-/gensync-1.0.0-beta.2.tgz 0ms (cache hit)
531 http cache debug@https://registry.npmjs.org/debug/-/debug-4.4.3.tgz 0ms (cache hit)
532 http cache semver@https://registry.npmjs.org/semver/-/semver-6.3.1.tgz 0ms (cache hit)
533 http cache convert-source-map@https://registry.npmjs.org/convert-source-map/-/convert-source-map-2.0.0.tgz 0ms (cache hit)
534 http cache @jridgewell/remapping@https://registry.npmjs.org/@jridgewell/remapping/-/remapping-2.3.5.tgz 0ms (cache hit)
535 http cache @babel/types@https://registry.npmjs.org/@babel/types/-/types-7.29.8.tgz 0ms (cache hit)
536 http cache @babel/traverse@https://registry.npmjs.org/@babel/traverse/-/traverse-7.29.8.tgz 0ms (cache hit)
537 http cache @babel/parser@https://registry.npmjs.org/@babel/parser/-/parser-7.29.8.tgz 0ms (cache hit)
538 http cache @babel/helpers@https://registry.npmjs.org/@babel/helpers/-/helpers-7.29.7.tgz 0ms (cache hit)
539 http cache @babel/helper-module-transforms@https://registry.npmjs.org/@babel/helper-module-transforms/-/helper-module-transforms-7.29.7.tgz 0ms (cache hit)
540 http cache @babel/helper-compilation-targets@https://registry.npmjs.org/@babel/helper-compilation-targets/-/helper-compilation-targets-7.29.7.tgz 0ms (cache hit)
541 http cache @babel/template@https://registry.npmjs.org/@babel/template/-/template-7.29.7.tgz 0ms (cache hit)
542 http cache @babel/generator@https://registry.npmjs.org/@babel/generator/-/generator-7.29.8.tgz 0ms (cache hit)
543 http cache @babel/code-frame@https://registry.npmjs.org/@babel/code-frame/-/code-frame-7.29.7.tgz 0ms (cache hit)
544 http cache react-refresh@https://registry.npmjs.org/react-refresh/-/react-refresh-0.17.0.tgz 0ms (cache hit)
545 http cache @types/babel__core@https://registry.npmjs.org/@types/babel__core/-/babel__core-7.20.5.tgz 0ms (cache hit)
546 http cache @rolldown/pluginutils@https://registry.npmjs.org/@rolldown/pluginutils/-/pluginutils-1.0.0-beta.27.tgz 0ms (cache hit)
547 http cache @babel/plugin-transform-react-jsx-source@https://registry.npmjs.org/@babel/plugin-transform-react-jsx-source/-/plugin-transform-react-jsx-source-7.29.7.tgz 0ms (cache hit)
548 http cache @babel/plugin-transform-react-jsx-self@https://registry.npmjs.org/@babel/plugin-transform-react-jsx-self/-/plugin-transform-react-jsx-self-7.29.7.tgz 0ms (cache hit)
549 http cache @babel/core@https://registry.npmjs.org/@babel/core/-/core-7.29.7.tgz 0ms (cache hit)
550 http cache react-dom@https://registry.npmjs.org/react-dom/-/react-dom-18.3.1.tgz 0ms (cache hit)
551 http cache react@https://registry.npmjs.org/react/-/react-18.3.1.tgz 0ms (cache hit)
552 http cache vite@https://registry.npmjs.org/vite/-/vite-4.5.14.tgz 0ms (cache hit)
553 http cache @vitejs/plugin-react@https://registry.npmjs.org/@vitejs/plugin-react/-/plugin-react-4.7.0.tgz 0ms (cache hit)
554 http cache electron-to-chromium@https://registry.npmjs.org/electron-to-chromium/-/electron-to-chromium-1.5.399.tgz 0ms (cache hit)
555 silly tarball no local data for @esbuild/darwin-arm64@https://registry.npmjs.org/@esbuild/darwin-arm64/-/darwin-arm64-0.18.20.tgz. Extracting by manifest.
556 silly tarball no local data for rollup@https://registry.npmjs.org/rollup/-/rollup-3.30.0.tgz. Extracting by manifest.
557 silly tarball no local data for esbuild@https://registry.npmjs.org/esbuild/-/esbuild-0.18.20.tgz. Extracting by manifest.
558 silly tarball no local data for scheduler@https://registry.npmjs.org/scheduler/-/scheduler-0.23.2.tgz. Extracting by manifest.
559 silly tarball no local data for baseline-browser-mapping@https://registry.npmjs.org/baseline-browser-mapping/-/baseline-browser-mapping-2.11.11.tgz. Extracting by manifest.
560 silly tarball no local data for @babel/types@https://registry.npmjs.org/@babel/types/-/types-7.29.8.tgz. Extracting by manifest.
561 silly tarball no local data for @babel/parser@https://registry.npmjs.org/@babel/parser/-/parser-7.29.8.tgz. Extracting by manifest.
562 silly tarball no local data for @babel/traverse@https://registry.npmjs.org/@babel/traverse/-/traverse-7.29.8.tgz. Extracting by manifest.
563 silly tarball no local data for @babel/generator@https://registry.npmjs.org/@babel/generator/-/generator-7.29.8.tgz. Extracting by manifest.
564 silly tarball no local data for react-refresh@https://registry.npmjs.org/react-refresh/-/react-refresh-0.17.0.tgz. Extracting by manifest.
565 silly tarball no local data for @rolldown/pluginutils@https://registry.npmjs.org/@rolldown/pluginutils/-/pluginutils-1.0.0-beta.27.tgz. Extracting by manifest.
566 silly tarball no local data for react-dom@https://registry.npmjs.org/react-dom/-/react-dom-18.3.1.tgz. Extracting by manifest.
567 silly tarball no local data for @vitejs/plugin-react@https://registry.npmjs.org/@vitejs/plugin-react/-/plugin-react-4.7.0.tgz. Extracting by manifest.
568 silly tarball no local data for react@https://registry.npmjs.org/react/-/react-18.3.1.tgz. Extracting by manifest.
569 silly tarball no local data for vite@https://registry.npmjs.org/vite/-/vite-4.5.14.tgz. Extracting by manifest.
570 http fetch GET 200 https://registry.npmjs.org/esbuild/-/esbuild-0.18.20.tgz 98ms (cache miss)
571 http fetch GET 200 https://registry.npmjs.org/scheduler/-/scheduler-0.23.2.tgz 99ms (cache miss)
572 http fetch POST 200 https://registry.npmjs.org/-/npm/v1/security/advisories/bulk 217ms
573 silly audit report {
573 silly audit report   vite: [
573 silly audit report     {
573 silly audit report       id: 1107323,
573 silly audit report       url: 'https://github.com/advisories/GHSA-g4jq-h2w9-997c',
573 silly audit report       title: 'Vite middleware may serve files starting with the same name with the public directory',
573 silly audit report       severity: 'low',
573 silly audit report       vulnerable_versions: '<=5.4.19',
573 silly audit report       cwe: [Array],
573 silly audit report       cvss: [Object]
573 silly audit report     },
573 silly audit report     {
573 silly audit report       id: 1107327,
573 silly audit report       url: 'https://github.com/advisories/GHSA-jqfw-vq24-v9c3',
573 silly audit report       title: "Vite's `server.fs` settings were not applied to HTML files",
573 silly audit report       severity: 'low',
573 silly audit report       vulnerable_versions: '<=5.4.19',
573 silly audit report       cwe: [Array],
573 silly audit report       cvss: [Object]
573 silly audit report     },
573 silly audit report     {
573 silly audit report       id: 1109132,
573 silly audit report       url: 'https://github.com/advisories/GHSA-93m4-6634-74q7',
573 silly audit report       title: 'vite allows server.fs.deny bypass via backslash on Windows',
573 silly audit report       severity: 'moderate',
573 silly audit report       vulnerable_versions: '>=4.5.3 <5.0.0',
573 silly audit report       cwe: [Array],
573 silly audit report       cvss: [Object]
573 silly audit report     },
573 silly audit report     {
573 silly audit report       id: 1120061,
573 silly audit report       url: 'https://github.com/advisories/GHSA-c27g-q93r-2cwf',
573 silly audit report       title: 'launch-editor vulnerable to command injection via the crafted request on Windows',
573 silly audit report       severity: 'high',
573 silly audit report       vulnerable_versions: '<=5.4.8',
573 silly audit report       cwe: [Array],
573 silly audit report       cvss: [Object]
573 silly audit report     },
573 silly audit report     {
573 silly audit report       id: 1120784,
573 silly audit report       url: 'https://github.com/advisories/GHSA-v6wh-96g9-6wx3',
573 silly audit report       title: 'launch-editor: NTLMv2 hash disclosure via UNC path handling on Windows',
573 silly audit report       severity: 'moderate',
573 silly audit report       vulnerable_versions: '<=6.4.2',
573 silly audit report       cwe: [Array],
573 silly audit report       cvss: [Object]
573 silly audit report     },
573 silly audit report     {
573 silly audit report       id: 1116229,
573 silly audit report       url: 'https://github.com/advisories/GHSA-4w7w-66w2-5vf9',
573 silly audit report       title: 'Vite Vulnerable to Path Traversal in Optimized Deps `.map` Handling',
573 silly audit report       severity: 'moderate',
573 silly audit report       vulnerable_versions: '<=6.4.1',
573 silly audit report       cwe: [Array],
573 silly audit report       cvss: [Object]
573 silly audit report     },
573 silly audit report     {
573 silly audit report       id: 1123525,
573 silly audit report       url: 'https://github.com/advisories/GHSA-fx2h-pf6j-xcff',
573 silly audit report       title: 'vite: `server.fs.deny` bypass on Windows alternate paths',
573 silly audit report       severity: 'high',
573 silly audit report       vulnerable_versions: '<=6.4.2',
573 silly audit report       cwe: [Array],
573 silly audit report       cvss: [Object]
573 silly audit report     }
573 silly audit report   ],
573 silly audit report   esbuild: [
573 silly audit report     {
573 silly audit report       id: 1102341,
573 silly audit report       url: 'https://github.com/advisories/GHSA-67mh-4wv8-2f99',
573 silly audit report       title: 'esbuild enables any website to send any requests to the development server and read the response',
573 silly audit report       severity: 'moderate',
573 silly audit report       vulnerable_versions: '<=0.24.2',
573 silly audit report       cwe: [Array],
573 silly audit report       cvss: [Object]
573 silly audit report     }
573 silly audit report   ]
573 silly audit report }
574 silly packumentCache corgi:https://registry.npmjs.org/vite cache-miss
575 silly packumentCache corgi:https://registry.npmjs.org/esbuild cache-miss
576 http fetch GET 200 https://registry.npmjs.org/baseline-browser-mapping/-/baseline-browser-mapping-2.11.11.tgz 222ms (cache miss)
577 http fetch GET 200 https://registry.npmjs.org/@babel/types/-/types-7.29.8.tgz 247ms (cache miss)
578 http fetch GET 200 https://registry.npmjs.org/react-refresh/-/react-refresh-0.17.0.tgz 318ms (cache miss)
579 http fetch GET 200 https://registry.npmjs.org/esbuild 128ms (cache revalidated)
580 silly packumentCache corgi:https://registry.npmjs.org/esbuild set size:887361 disposed:false
581 http fetch GET 200 https://registry.npmjs.org/@rolldown/pluginutils/-/pluginutils-1.0.0-beta.27.tgz 343ms (cache miss)
582 http fetch GET 200 https://registry.npmjs.org/@vitejs/plugin-react/-/plugin-react-4.7.0.tgz 343ms (cache miss)
583 http fetch GET 200 https://registry.npmjs.org/@babel/generator/-/generator-7.29.8.tgz 484ms (cache miss)
584 http fetch GET 200 https://registry.npmjs.org/react/-/react-18.3.1.tgz 500ms (cache miss)
585 http fetch GET 200 https://registry.npmjs.org/rollup/-/rollup-3.30.0.tgz 540ms (cache miss)
586 http fetch GET 200 https://registry.npmjs.org/vite 403ms (cache updated)
587 silly packumentCache corgi:https://registry.npmjs.org/vite set size:undefined disposed:false
588 silly packumentCache corgi:https://registry.npmjs.org/@vitejs%2fplugin-react cache-miss
589 http fetch GET 200 https://registry.npmjs.org/@babel/traverse/-/traverse-7.29.8.tgz 700ms (cache miss)
590 http fetch GET 200 https://registry.npmjs.org/vite/-/vite-4.5.14.tgz 737ms (cache miss)
591 http fetch GET 200 https://registry.npmjs.org/@babel/parser/-/parser-7.29.8.tgz 843ms (cache miss)
592 http fetch GET 200 https://registry.npmjs.org/react-dom/-/react-dom-18.3.1.tgz 1014ms (cache miss)
593 http fetch GET 200 https://registry.npmjs.org/@esbuild/darwin-arm64/-/darwin-arm64-0.18.20.tgz 1526ms (cache miss)
594 info run fsevents@2.3.3 install node_modules/fsevents node-gyp rebuild
595 http fetch GET 200 https://registry.npmjs.org/@vitejs%2fplugin-react 1159ms (cache miss)
596 silly packumentCache corgi:https://registry.npmjs.org/@vitejs%2fplugin-react set size:undefined disposed:false
597 info run fsevents@2.3.3 install { code: 1, signal: null }
598 verbose reify failed optional dependency /Users/a123/gpa/mr-template/node_modules/fsevents
599 silly reify mark deleted [ '/Users/a123/gpa/mr-template/node_modules/fsevents' ]
600 info run esbuild@0.18.20 postinstall node_modules/esbuild node install.js
601 info run esbuild@0.18.20 postinstall { code: 0, signal: null }
602 silly ADD node_modules/source-map-js
603 silly ADD node_modules/nanoid
604 silly ADD node_modules/@esbuild/darwin-arm64
605 silly ADD node_modules/rollup
606 silly ADD node_modules/postcss
607 silly ADD
608 silly ADD node_modules/esbuild
609 silly ADD node_modules/escalade
610 silly ADD node_modules/scheduler
611 silly ADD node_modules/loose-envify
612 silly ADD node_modules/yallist
613 silly ADD node_modules/ms
614 silly ADD node_modules/update-browserslist-db
615 silly ADD node_modules/node-releases
616 silly ADD node_modules/electron-to-chromium
617 silly ADD node_modules/caniuse-lite
618 silly ADD node_modules/baseline-browser-mapping
619 silly ADD node_modules/@types/babel__traverse
620 silly ADD node_modules/@types/babel__template
621 silly ADD node_modules/@types/babel__generator
622 silly ADD node_modules/@jridgewell/resolve-uri
623 silly ADD node_modules/@jridgewell/sourcemap-codec
624 silly ADD node_modules/@babel/helper-string-parser
625 silly ADD node_modules/@babel/helper-globals
626 silly ADD node_modules/@babel/helper-plugin-utils
627 silly ADD node_modules/@babel/helper-module-imports
628 silly ADD node_modules/lru-cache
629 silly ADD node_modules/browserslist
630 silly ADD node_modules/@babel/helper-validator-option
631 silly ADD node_modules/@babel/compat-data
632 silly ADD node_modules/jsesc
633 silly ADD node_modules/@jridgewell/trace-mapping
634 silly ADD node_modules/@jridgewell/gen-mapping
635 silly ADD node_modules/picocolors
636 silly ADD node_modules/js-tokens
637 silly ADD node_modules/@babel/helper-validator-identifier
638 silly ADD node_modules/semver
639 silly ADD node_modules/json5
640 silly ADD node_modules/gensync
641 silly ADD node_modules/debug
642 silly ADD node_modules/convert-source-map
643 silly ADD node_modules/@jridgewell/remapping
644 silly ADD node_modules/@babel/types
645 silly ADD node_modules/@babel/traverse
646 silly ADD node_modules/@babel/template
647 silly ADD node_modules/@babel/parser
648 silly ADD node_modules/@babel/helpers
649 silly ADD node_modules/@babel/helper-module-transforms
650 silly ADD node_modules/@babel/helper-compilation-targets
651 silly ADD node_modules/@babel/generator
652 silly ADD node_modules/@babel/code-frame
653 silly ADD node_modules/react-refresh
654 silly ADD node_modules/@types/babel__core
655 silly ADD node_modules/@rolldown/pluginutils
656 silly ADD node_modules/@babel/plugin-transform-react-jsx-source
657 silly ADD node_modules/@babel/plugin-transform-react-jsx-self
658 silly ADD node_modules/@babel/core
659 silly ADD node_modules/react-dom
660 silly ADD node_modules/react
661 silly ADD node_modules/vite
662 silly ADD node_modules/@vitejs/plugin-react
663 verbose cwd /Users/a123/gpa/mr-template
664 verbose os Darwin 25.1.0
665 verbose node v24.14.1
666 verbose npm  v11.11.0
667 notice
667 notice New [33mminor[39m version of npm available! [33m11.11.0[39m -> [34m11.19.0[39m
667 notice Changelog: [34mhttps://github.com/npm/cli/releases/tag/v11.19.0[39m
667 notice To update run: [4mnpm install -g npm@11.19.0[24m
667 notice  { force: true, Symbol(proc-log.meta): true }
668 verbose exit 0
669 info ok
